Filesystem label= OS type: Linux Block size=1024 (log=0) Fragment size=1024 (log=0) 122400 inodes, 488280 blocks 24414 blocks (5.00%) reserved for the super user First data block=1 60 block groups 8192 blocks per group, 8192 fragments per group 2040 inodes per group Superblock backups stored on blocks: 8193, 24577, 40961, 57345, 73729, 204801, 221185, 401409 Writing inode tables: 0/60 1/60 2/60 3/60 4/60 5/60 6/60 7/60 8/60 9/6010/6011/6012/6013/6014/6015/6016/6017/6018/6019/6020/6021/6022/6023/6024/6025/6026/6027/6028/6029/6030/6031/6032/6033/6034/6035/6036/6037/6038/6039/6040/6041/6042/6043/6044/6045/6046/6047/6048/6049/6050/6051/6052/6053/6054/6055/6056/6057/6058/6059/60done Writing superblocks and filesystem accounting information: done This filesystem will be automatically checked every 31 mounts or 180 days, whichever comes first. Use tune2fs -c or -i to override. error
